// Jest Snapshot v1, https://goo.gl/fbAQLP

exports[`renders add student component correctly 1`] = `
<div
  className="App"
>
  <nav>
    Student Registration
    <button
      onClick={[Function]}
    >
      X
    </button>
  </nav>
  <div>
    <a
      href="/add"
      onClick={[Function]}
    >
      <button
        className="sc-bdnxRM bjwUQJ"
      >
        Register Student
      </button>
    </a>
       
    <a
      href="/view"
      onClick={[Function]}
    >
      <button
        className="sc-bdnxRM bjwUQJ"
      >
        View Students
      </button>
    </a>
  </div>
</div>
`;

exports[`renders dashboard component correctly 1`] = `
<div
  className="App"
>
  <nav>
    Student Registration
    <button
      onClick={[Function]}
    >
      X
    </button>
  </nav>
  <div>
    <a
      href="/add"
      onClick={[Function]}
    >
      <button
        className="sc-bdnxRM bjwUQJ"
      >
        Register Student
      </button>
    </a>
       
    <a
      href="/view"
      onClick={[Function]}
    >
      <button
        className="sc-bdnxRM bjwUQJ"
      >
        View Students
      </button>
    </a>
  </div>
</div>
`;

exports[`renders home router component correctly 1`] = `
<div
  className="App"
>
  <nav>
    Student Registration
    <button
      onClick={[Function]}
    >
      X
    </button>
  </nav>
  <div>
    <a
      href="/add"
      onClick={[Function]}
    >
      <button
        className="sc-bdnxRM bjwUQJ"
      >
        Register Student
      </button>
    </a>
       
    <a
      href="/view"
      onClick={[Function]}
    >
      <button
        className="sc-bdnxRM bjwUQJ"
      >
        View Students
      </button>
    </a>
  </div>
</div>
`;

exports[`renders student component correctly 1`] = `
<div
  className="App"
>
  <nav>
    Student Registration
    <button
      onClick={[Function]}
    >
      X
    </button>
  </nav>
  <div>
    <a
      href="/add"
      onClick={[Function]}
    >
      <button
        className="sc-bdnxRM bjwUQJ"
      >
        Register Student
      </button>
    </a>
       
    <a
      href="/view"
      onClick={[Function]}
    >
      <button
        className="sc-bdnxRM bjwUQJ"
      >
        View Students
      </button>
    </a>
  </div>
</div>
`;

exports[`renders view students component correctly 1`] = `
<div
  className="App"
>
  <nav>
    Student Registration
    <button
      onClick={[Function]}
    >
      X
    </button>
  </nav>
  <div>
    <a
      href="/add"
      onClick={[Function]}
    >
      <button
        className="sc-bdnxRM bjwUQJ"
      >
        Register Student
      </button>
    </a>
       
    <a
      href="/view"
      onClick={[Function]}
    >
      <button
        className="sc-bdnxRM bjwUQJ"
      >
        View Students
      </button>
    </a>
  </div>
</div>
`;
